// Jest Snapshot v1, https://goo.gl/fbAQLP

exports[`renders population chart 1`] = `
<div>
  <div
    class="recharts-responsive-container"
    style="width: 100%; height: 400px; min-width: 0;"
  />
</div>
`;
